#
# There is insufficient memory for the Java Runtime Environment to continue.
# Native memory allocation (malloc) failed to allocate 1048576 bytes. Error detail: AllocateHeap
# Possible reasons:
#   The system is out of physical RAM or swap space
#   This process is running with CompressedOops enabled, and the Java Heap may be blocking the growth of the native heap
# Possible solutions:
#   Reduce memory load on the system
#   Increase physical memory or swap space
#   Check if swap backing store is full
#   Decrease Java heap size (-Xmx/-Xms)
#   Decrease number of Java threads
#   Decrease Java thread stack sizes (-Xss)
#   Set larger code cache with -XX:ReservedCodeCacheSize=
#   JVM is running with Unscaled Compressed Oops mode in which the Java heap is
#     placed in the first 4GB address space. The Java Heap base address is the
#     maximum limit for the native heap growth. Please use -XX:HeapBaseMinAddress
#     to set the Java Heap base and to place the Java Heap above 4GB virtual address.
# This output file may be truncated or incomplete.
#
#  Out of Memory Error (allocation.cpp:44), pid=22192, tid=22316
#
# JRE version: OpenJDK Runtime Environment Temurin-21.0.10+7 (21.0.10+7) (build 21.0.10+7-LTS)
# Java VM: OpenJDK 64-Bit Server VM Temurin-21.0.10+7 (21.0.10+7-LTS, mixed mode, sharing, tiered, compressed oops, compressed class ptrs, parallel gc, windows-amd64)
# No core dump will be written. Minidumps are not enabled by default on client versions of Windows
#

---------------  S U M M A R Y ------------

Command Line: -Duser.language=en --add-modules=ALL-SYSTEM --add-opens=java.base/java.util=ALL-UNNAMED --add-opens=java.base/java.lang=ALL-UNNAMED --add-opens=java.base/sun.nio.fs=ALL-UNNAMED -Declipse.application=org.eclipse.jdt.ls.core.id1 -Dosgi.bundles.defaultStartLevel=4 -Declipse.product=org.eclipse.jdt.ls.core.product -Djava.import.generatesMetadataFilesAtProjectRoot=false -DDetectVMInstallationsJob.disabled=true -Dfile.encoding=utf8 -XX:+UseParallelGC -XX:GCTimeRatio=4 -XX:AdaptiveSizePolicyWeight=90 -Dsun.zip.disableMemoryMapping=true -Xmx2G -Xms100m -Xlog:disable -javaagent:c:\Users\Polaris_Light\.vscode\extensions\redhat.java-1.53.0-win32-x64\lombok\lombok-1.18.39-4050.jar -XX:+HeapDumpOnOutOfMemoryError -XX:HeapDumpPath=c:\Users\Polaris_Light\AppData\Roaming\Code\User\workspaceStorage\28e16a57897c741ca62ce7043fb8a583\redhat.java -Daether.dependencyCollector.impl=bf c:\Users\Polaris_Light\.vscode\extensions\redhat.java-1.53.0-win32-x64\server\plugins\org.eclipse.equinox.launcher_1.7.100.v20251111-0406.jar -configuration c:\Users\Polaris_Light\AppData\Roaming\Code\User\globalStorage\redhat.java\1.53.0\config_win -data c:\Users\Polaris_Light\AppData\Roaming\Code\User\workspaceStorage\28e16a57897c741ca62ce7043fb8a583\redhat.java\jdt_ws --pipe=\\.\pipe\lsp-c1d269592ceee995594d4de767eb7030-sock

Host: 11th Gen Intel(R) Core(TM) i7-1165G7 @ 2.80GHz, 8 cores, 15G,  Windows 11 , 64 bit Build 26100 (10.0.26100.7939)
Time: Wed Mar  4 16:46:28 2026 elapsed time: 30619.857698 seconds (0d 8h 30m 19s)

---------------  T H R E A D  ---------------

Current thread (0x0000021e5f6e1d10):  JavaThread "Attach Listener" daemon [_thread_in_vm, id=22316, stack(0x000000b18ef00000,0x000000b18f000000) (1024K)]

Stack: [0x000000b18ef00000,0x000000b18f000000]
Native frames: (J=compiled Java code, j=interpreted, Vv=VM code, C=native code)
V  [jvm.dll+0x6d7a39]
V  [jvm.dll+0x8b4b26]
V  [jvm.dll+0x8b70de]
V  [jvm.dll+0x8b77c3]
V  [jvm.dll+0x284346]
V  [jvm.dll+0xc1277]
V  [jvm.dll+0x6d82e9]
V  [jvm.dll+0x1334a6]
V  [jvm.dll+0x3f857e]
V  [jvm.dll+0x85f59d]
V  [jvm.dll+0x6d626d]
C  [ucrtbase.dll+0x37b0]
C  [KERNEL32.DLL+0x2e8d7]
C  [ntdll.dll+0x8c40c]


---------------  P R O C E S S  ---------------

Threads class SMR info:
_java_thread_list=0x0000021e852330c0, length=58, elements={
0x0000021e48c643d0, 0x0000021e5f6da650, 0x0000021e5f6db0b0, 0x0000021e5f6e12b0,
0x0000021e5f6e1d10, 0x0000021e5f6eafe0, 0x0000021e5f6eda50, 0x0000021e5f6ee890,
0x0000021e65010500, 0x0000021e651062f0, 0x0000021e6535d690, 0x0000021e65c11550,
0x0000021e65fc5490, 0x0000021e6586b4d0, 0x0000021e65936280, 0x0000021e65f02cc0,
0x0000021e661c94f0, 0x0000021e6551d720, 0x0000021e655639e0, 0x0000021e685fbc50,
0x0000021e685fd690, 0x0000021e685fe3b0, 0x0000021e685fdd20, 0x0000021e685fc970,
0x0000021e685fd000, 0x0000021e685fc2e0, 0x0000021e685faf30, 0x0000021e685fea40,
0x0000021e685fb5c0, 0x0000021e685ff760, 0x0000021e68600480, 0x0000021e68600b10,
0x0000021e686d15f0, 0x0000021e65561fa0, 0x0000021e8590cd80, 0x0000021e8590ee50,
0x0000021e859115b0, 0x0000021e85912960, 0x0000021e73c3fd80, 0x0000021e73c3d620,
0x0000021e734f0690, 0x0000021e734f1a40, 0x0000021e734f41a0, 0x0000021e8590f4e0,
0x0000021e8590c060, 0x0000021e85911c40, 0x0000021e859122d0, 0x0000021e85910890,
0x0000021e686011a0, 0x0000021e68601ec0, 0x0000021e734f20d0, 0x0000021e89e79200,
0x0000021e89e77130, 0x0000021e863e5040, 0x0000021e863e6a80, 0x0000021e863e77a0,
0x0000021e863e49b0, 0x0000021e863e84c0
}

Java Threads: ( => current thread )
  0x0000021e48c643d0 JavaThread "main"                              [_thread_blocked, id=22088, stack(0x000000b18e800000,0x000000b18e900000) (1024K)]
  0x0000021e5f6da650 JavaThread "Reference Handler"          daemon [_thread_blocked, id=22376, stack(0x000000b18ec00000,0x000000b18ed00000) (1024K)]
  0x0000021e5f6db0b0 JavaThread "Finalizer"                  daemon [_thread_blocked, id=22308, stack(0x000000b18ed00000,0x000000b18ee00000) (1024K)]
  0x0000021e5f6e12b0 JavaThread "Signal Dispatcher"          daemon [_thread_blocked, id=22236, stack(0x000000b18ee00000,0x000000b18ef00000) (1024K)]
=>0x0000021e5f6e1d10 JavaThread "Attach Listener"            daemon [_thread_in_vm, id=22316, stack(0x000000b18ef00000,0x000000b18f000000) (1024K)]
  0x0000021e5f6eafe0 JavaThread "Service Thread"             daemon [_thread_blocked, id=22328, stack(0x000000b18f000000,0x000000b18f100000) (1024K)]
  0x0000021e5f6eda50 JavaThread "Monitor Deflation Thread"   daemon [_thread_blocked, id=21976, stack(0x000000b18f100000,0x000000b18f200000) (1024K)]
  0x0000021e5f6ee890 JavaThread "C2 CompilerThread0"         daemon [_thread_blocked, id=22304, stack(0x000000b18f200000,0x000000b18f300000) (1024K)]
  0x0000021e65010500 JavaThread "C1 CompilerThread0"         daemon [_thread_blocked, id=21996, stack(0x000000b18f300000,0x000000b18f400000) (1024K)]
  0x0000021e651062f0 JavaThread "Common-Cleaner"             daemon [_thread_blocked, id=8672, stack(0x000000b18f400000,0x000000b18f500000) (1024K)]
  0x0000021e6535d690 JavaThread "Notification Thread"        daemon [_thread_blocked, id=22520, stack(0x000000b18f600000,0x000000b18f700000) (1024K)]
  0x0000021e65c11550 JavaThread "Active Thread: Equinox Container: add165af-2558-4697-a772-37db4389cb97"        [_thread_blocked, id=18728, stack(0x000000b18f500000,0x000000b18f600000) (1024K)]
  0x0000021e65fc5490 JavaThread "Refresh Thread: Equinox Container: add165af-2558-4697-a772-37db4389cb97" daemon [_thread_blocked, id=21636, stack(0x000000b18ff00000,0x000000b190000000) (1024K)]
  0x0000021e6586b4d0 JavaThread "Framework Event Dispatcher: Equinox Container: add165af-2558-4697-a772-37db4389cb97" daemon [_thread_blocked, id=6140, stack(0x000000b18f700000,0x000000b18f800000) (1024K)]
  0x0000021e65936280 JavaThread "Start Level: Equinox Container: add165af-2558-4697-a772-37db4389cb97" daemon [_thread_blocked, id=344, stack(0x000000b190000000,0x000000b190100000) (1024K)]
  0x0000021e65f02cc0 JavaThread "Bundle File Closer"         daemon [_thread_blocked, id=22152, stack(0x000000b190300000,0x000000b190400000) (1024K)]
  0x0000021e661c94f0 JavaThread "SCR Component Actor"        daemon [_thread_blocked, id=17208, stack(0x000000b190100000,0x000000b190200000) (1024K)]
  0x0000021e6551d720 JavaThread "Worker-JM"                         [_thread_blocked, id=13920, stack(0x000000b190200000,0x000000b190300000) (1024K)]
  0x0000021e655639e0 JavaThread "JNA Cleaner"                daemon [_thread_blocked, id=10844, stack(0x000000b190400000,0x000000b190500000) (1024K)]
  0x0000021e685fbc50 JavaThread "Java indexing"              daemon [_thread_blocked, id=21640, stack(0x000000b190c00000,0x000000b190d00000) (1024K)]
  0x0000021e685fd690 JavaThread "Thread-1"                   daemon [_thread_in_native, id=1600, stack(0x000000b190e00000,0x000000b190f00000) (1024K)]
  0x0000021e685fe3b0 JavaThread "Thread-2"                   daemon [_thread_in_native, id=21732, stack(0x000000b190f00000,0x000000b191000000) (1024K)]
  0x0000021e685fdd20 JavaThread "Thread-3"                   daemon [_thread_in_native, id=21804, stack(0x000000b191000000,0x000000b191100000) (1024K)]
  0x0000021e685fc970 JavaThread "Thread-4"                   daemon [_thread_in_native, id=21604, stack(0x000000b191100000,0x000000b191200000) (1024K)]
  0x0000021e685fd000 JavaThread "Thread-5"                   daemon [_thread_in_native, id=7504, stack(0x000000b191200000,0x000000b191300000) (1024K)]
  0x0000021e685fc2e0 JavaThread "Thread-6"                   daemon [_thread_in_native, id=14900, stack(0x000000b191300000,0x000000b191400000) (1024K)]
  0x0000021e685faf30 JavaThread "Thread-7"                   daemon [_thread_in_native, id=22140, stack(0x000000b191400000,0x000000b191500000) (1024K)]
  0x0000021e685fea40 JavaThread "Thread-8"                   daemon [_thread_in_native, id=10220, stack(0x000000b191500000,0x000000b191600000) (1024K)]
  0x0000021e685fb5c0 JavaThread "Thread-9"                   daemon [_thread_in_native, id=22204, stack(0x000000b191600000,0x000000b191700000) (1024K)]
  0x0000021e685ff760 JavaThread "pool-2-thread-1"                   [_thread_blocked, id=19332, stack(0x000000b191800000,0x000000b191900000) (1024K)]
  0x0000021e68600480 JavaThread "WorkspaceEventsHandler"            [_thread_blocked, id=22268, stack(0x000000b191d00000,0x000000b191e00000) (1024K)]
  0x0000021e68600b10 JavaThread "pool-1-thread-1"                   [_thread_blocked, id=22288, stack(0x000000b191e00000,0x000000b191f00000) (1024K)]
  0x0000021e686d15f0 JavaThread "Timer-0"                           [_thread_blocked, id=20064, stack(0x000000b192500000,0x000000b192600000) (1024K)]
  0x0000021e65561fa0 JavaThread "Timer-1"                           [_thread_blocked, id=19888, stack(0x000000b18e500000,0x000000b18e600000) (1024K)]
  0x0000021e8590cd80 JavaThread "Cleaner-0"                  daemon [_thread_blocked, id=22156, stack(0x000000b190a00000,0x000000b190b00000) (1024K)]
  0x0000021e8590ee50 JavaThread "Timer-2"                           [_thread_blocked, id=29516, stack(0x000000b190600000,0x000000b190700000) (1024K)]
  0x0000021e859115b0 JavaThread "Timer-3"                           [_thread_blocked, id=13060, stack(0x000000b190700000,0x000000b190800000) (1024K)]
  0x0000021e85912960 JavaThread "Timer-4"                           [_thread_blocked, id=23896, stack(0x000000b191b00000,0x000000b191c00000) (1024K)]
  0x0000021e73c3fd80 JavaThread "Timer-5"                           [_thread_blocked, id=27360, stack(0x000000b191c00000,0x000000b191d00000) (1024K)]
  0x0000021e73c3d620 JavaThread "Timer-6"                           [_thread_blocked, id=32576, stack(0x000000b191f00000,0x000000b192000000) (1024K)]
  0x0000021e734f0690 JavaThread "Timer-7"                           [_thread_blocked, id=28684, stack(0x000000b191900000,0x000000b191a00000) (1024K)]
  0x0000021e734f1a40 JavaThread "Timer-8"                           [_thread_blocked, id=19472, stack(0x000000b192000000,0x000000b192100000) (1024K)]
  0x0000021e734f41a0 JavaThread "Timer-9"                           [_thread_blocked, id=27180, stack(0x000000b192300000,0x000000b192400000) (1024K)]
  0x0000021e8590f4e0 JavaThread "Timer-10"                          [_thread_blocked, id=28900, stack(0x000000b192200000,0x000000b192300000) (1024K)]
  0x0000021e8590c060 JavaThread "Timer-11"                          [_thread_blocked, id=27352, stack(0x000000b192400000,0x000000b192500000) (1024K)]
  0x0000021e85911c40 JavaThread "Timer-12"                          [_thread_blocked, id=7140, stack(0x000000b192600000,0x000000b192700000) (1024K)]
  0x0000021e859122d0 JavaThread "Timer-13"                          [_thread_blocked, id=25236, stack(0x000000b192700000,0x000000b192800000) (1024K)]
  0x0000021e85910890 JavaThread "Timer-14"                          [_thread_blocked, id=30276, stack(0x000000b192800000,0x000000b192900000) (1024K)]
  0x0000021e686011a0 JavaThread "Timer-15"                          [_thread_blocked, id=26580, stack(0x000000b192900000,0x000000b192a00000) (1024K)]
  0x0000021e68601ec0 JavaThread "Timer-16"                          [_thread_blocked, id=30360, stack(0x000000b192a00000,0x000000b192b00000) (1024K)]
  0x0000021e734f20d0 JavaThread "Timer-17"                          [_thread_blocked, id=30864, stack(0x000000b193300000,0x000000b193400000) (1024K)]
  0x0000021e89e79200 JavaThread "Worker-47"                         [_thread_blocked, id=32256, stack(0x000000b192100000,0x000000b192200000) (1024K)]
  0x0000021e89e77130 JavaThread "Worker-51"                         [_thread_blocked, id=30736, stack(0x000000b191700000,0x000000b191800000) (1024K)]
  0x0000021e863e5040 JavaThread "ForkJoinPool.commonPool-worker-92" daemon [_thread_blocked, id=24256, stack(0x000000b18e600000,0x000000b18e700000) (1024K)]
  0x0000021e863e6a80 JavaThread "ForkJoinPool.commonPool-worker-94" daemon [_thread_blocked, id=27264, stack(0x000000b190500000,0x000000b190600000) (1024K)]
  0x0000021e863e77a0 JavaThread "ForkJoinPool.commonPool-worker-96" daemon [_thread_blocked, id=24580, stack(0x000000b190800000,0x000000b190900000) (1024K)]
  0x0000021e863e49b0 JavaThread "ForkJoinPool.commonPool-worker-95" daemon [_thread_blocked, id=30320, stack(0x000000b190900000,0x000000b190a00000) (1024K)]
  0x0000021e863e84c0 JavaThread "ForkJoinPool.commonPool-worker-97" daemon [_thread_blocked, id=1884, stack(0x000000b190b00000,0x000000b190c00000) (1024K)]
Total: 58

Other Threads:
  0x0000021e48d00b10 VMThread "VM Thread"                           [id=5212, stack(0x000000b18eb00000,0x000000b18ec00000) (1024K)]
  0x0000021e5f5ec7e0 WatcherThread "VM Periodic Task Thread"        [id=22464, stack(0x000000b18ea00000,0x000000b18eb00000) (1024K)]
  0x0000021e48c81c00 WorkerThread "GC Thread#0"                     [id=22424, stack(0x000000b18e900000,0x000000b18ea00000) (1024K)]
  0x0000021e659be5d0 WorkerThread "GC Thread#1"                     [id=21808, stack(0x000000b18f800000,0x000000b18f900000) (1024K)]
  0x0000021e65822070 WorkerThread "GC Thread#2"                     [id=22292, stack(0x000000b18f900000,0x000000b18fa00000) (1024K)]
  0x0000021e65ab2310 WorkerThread "GC Thread#3"                     [id=21684, stack(0x000000b18fa00000,0x000000b18fb00000) (1024K)]
  0x0000021e65ab26c0 WorkerThread "GC Thread#4"                     [id=7512, stack(0x000000b18fb00000,0x000000b18fc00000) (1024K)]
  0x0000021e65ab2a70 WorkerThread "GC Thread#5"                     [id=21776, stack(0x000000b18fc00000,0x000000b18fd00000) (1024K)]
  0x0000021e6554a9a0 WorkerThread "GC Thread#6"                     [id=21784, stack(0x000000b18fd00000,0x000000b18fe00000) (1024K)]
  0x0000021e65fca640 WorkerThread "GC Thread#7"                     [id=22072, stack(0x000000b18fe00000,0x000000b18ff00000) (1024K)]
Total: 10

Threads with active compile tasks:
Total: 0

VM state: not at safepoint (normal execution)

VM Mutex/Monitor currently owned by a thread: None

Heap address: 0x0000000080000000, size: 2048 MB, Compressed Oops mode: 32-bit

CDS archive(s) mapped at: [0x0000021e00000000-0x0000021e00ba0000-0x0000021e00ba0000), size 12189696, SharedBaseAddress: 0x0000021e00000000, ArchiveRelocationMode: 1.
Compressed class space mapped at: 0x0000021e01000000-0x0000021e41000000, reserved size: 1073741824
Narrow klass base: 0x0000021e00000000, Narrow klass shift: 0, Narrow klass range: 0x100000000

GC Precious Log:
 CardTable entry size: 512
 CPUs: 8 total, 8 available
 Memory: 16183M
 Large Page Support: Disabled
 NUMA Support: Disabled
 Compressed Oops: Enabled (32-bit)
 Alignments: Space 512K, Generation 512K, Heap 2M
 Heap Min Capacity: 100M
 Heap Initial Capacity: 100M
 Heap Max Capacity: 2G
 Pre-touch: Disabled
 Parallel Workers: 8

Heap:
 PSYoungGen      total 4096K, used 2774K [0x00000000d5580000, 0x00000000d6000000, 0x0000000100000000)
  eden space 2048K, 35% used [0x00000000d5580000,0x00000000d5635b48,0x00000000d5780000)
  from space 2048K, 100% used [0x00000000d5780000,0x00000000d5980000,0x00000000d5980000)
  to   space 4096K, 0% used [0x00000000d5c00000,0x00000000d5c00000,0x00000000d6000000)
 ParOldGen       total 310784K, used 310531K [0x0000000080000000, 0x0000000092f80000, 0x00000000d5580000)
  object space 310784K, 99% used [0x0000000080000000,0x0000000092f40e08,0x0000000092f80000)
 Metaspace       used 126711K, committed 129600K, reserved 1179648K
  class space    used 14227K, committed 15488K, reserved 1048576K

Card table byte_map: [0x0000021e48630000,0x0000021e48a40000] _byte_map_base: 0x0000021e48230000

Marking Bits: (ParMarkBitMap*) 0x00007ffa7a9a3450
 Begin Bits: [0x0000021e5b110000, 0x0000021e5d110000)
 End Bits:   [0x0000021e5d110000, 0x0000021e5f110000)

Polling page: 0x0000021e48420000

Metaspace:

Usage:
  Non-class:    109.85 MB used.
      Class:     13.89 MB used.
       Both:    123.74 MB used.

Virtual space:
  Non-class space:      128.00 MB reserved,     111.44 MB ( 87%) committed,  2 nodes.
      Class space:        1.00 GB reserved,      15.12 MB (  1%) committed,  1 nodes.
             Both:        1.12 GB reserved,     126.56 MB ( 11%) committed. 

Chunk freelists:
   Non-Class:  780.00 KB
       Class:  1012.00 KB
        Both:  1.75 MB

MaxMetaspaceSize: unlimited
CompressedClassSpaceSize: 1.00 GB
Initial GC threshold: 21.00 MB
Current GC threshold: 210.94 MB
CDS: on
 - commit_granule_bytes: 65536.
 - commit_granule_words: 8192.
 - virtual_space_node_default_size: 8388608.
 - enlarge_chunks_in_place: 1.
 - use_allocation_guard: 0.


Internal statistics:

num_allocs_failed_limit: 11.
num_arena_births: 3146.
num_arena_deaths: 1356.
num_vsnodes_births: 3.
num_vsnodes_deaths: 0.
num_space_committed: 2025.
num_space_uncommitted: 1.
num_chunks_returned_to_freelist: 1735.
num_chunks_taken_from_freelist: 10195.
num_chunk_merges: 596.
num_chunk_splits: 5788.
num_chunks_enlarged: 3093.
num_inconsistent_stats: 0.

CodeHeap 'non-profiled nmethods': size=120000Kb used=28335Kb max_used=33585Kb free=91664Kb
 bounds [0x0000021e53930000, 0x0000021e55a20000, 0x0000021e5ae60000]
CodeHeap 'profiled nmethods': size=120000Kb used=38909Kb max_used=49938Kb free=81090Kb
 bounds [0x0000021e4be60000, 0x0000021e4ef30000, 0x0000021e53390000]
CodeHeap 'non-nmethods': size=5760Kb used=1576Kb max_used=1643Kb free=4183Kb
 bounds [0x0000021e53390000, 0x0000021e53600000, 0x0000021e53930000]
CodeCache: size=245760Kb, used=68820Kb, max_used=85166Kb, free=176937Kb
 total_blobs=18412, nmethods=17522, adapters=789, full_count=0
Compilation: enabled, stopped_count=0, restarted_count=0

Compilation events (20 events):
Event: 29061.388 Thread 0x0000021e65010500 40549       1       org.eclipse.buildship.core.internal.preferences.DefaultPersistentModel::isPresent (2 bytes)
Event: 29061.389 Thread 0x0000021e65010500 nmethod 40549 0x0000021e54f27710 code [0x0000021e54f278a0, 0x0000021e54f27968]
Event: 29114.965 Thread 0x0000021e5f6ee890 40550       4       com.sun.org.apache.xerces.internal.dom.NamedNodeMapImpl::findNamePoint (105 bytes)
Event: 29114.971 Thread 0x0000021e65010500 40551       1       org.eclipse.jdt.internal.launching.JREContainer::getPath (5 bytes)
Event: 29114.971 Thread 0x0000021e65010500 nmethod 40551 0x0000021e54fc7390 code [0x0000021e54fc7520, 0x0000021e54fc75e8]
Event: 29114.973 Thread 0x0000021e5f6ee890 nmethod 40550 0x0000021e55582e10 code [0x0000021e55583000, 0x0000021e55583728]
Event: 29114.974 Thread 0x0000021e65010500 40552       1       org.eclipse.core.internal.resources.SaveContext::getKind (5 bytes)
Event: 29114.974 Thread 0x0000021e65010500 nmethod 40552 0x0000021e55005d10 code [0x0000021e55005ea0, 0x0000021e55005f68]
Event: 29114.977 Thread 0x0000021e65010500 40553       3       java.lang.ClassValue$Version::<init> (22 bytes)
Event: 29114.978 Thread 0x0000021e65010500 nmethod 40553 0x0000021e4cd79290 code [0x0000021e4cd79460, 0x0000021e4cd79800]
Event: 29114.978 Thread 0x0000021e65010500 40554       3       java.lang.ClassValue$Entry::<init> (11 bytes)
Event: 29114.979 Thread 0x0000021e65010500 nmethod 40554 0x0000021e4cb2e790 code [0x0000021e4cb2e960, 0x0000021e4cb2ec70]
Event: 29114.979 Thread 0x0000021e65010500 40555       3       java.lang.ClassValue$Entry::isLive (26 bytes)
Event: 29114.979 Thread 0x0000021e65010500 nmethod 40555 0x0000021e4c4d9190 code [0x0000021e4c4d9380, 0x0000021e4c4d9990]
Event: 30456.106 Thread 0x0000021e65010500 40557   !   2       lombok.eclipse.HandlerLibrary::handleAnnotation (224 bytes)
Event: 30456.107 Thread 0x0000021e5f6ee890 40556       4       lombok.core.TypeResolver::<init> (10 bytes)
Event: 30456.112 Thread 0x0000021e5f6ee890 nmethod 40556 0x0000021e55023890 code [0x0000021e55023a20, 0x0000021e55023ac0]
Event: 30456.112 Thread 0x0000021e5f6ee890 40558       4       lombok.core.LombokNode::getImportList (8 bytes)
Event: 30456.117 Thread 0x0000021e5f6ee890 nmethod 40558 0x0000021e55067a10 code [0x0000021e55067ba0, 0x0000021e55067c48]
Event: 30456.144 Thread 0x0000021e65010500 nmethod 40557 0x0000021e4ce87610 code [0x0000021e4ce87940, 0x0000021e4ce88668]

GC Heap History (20 events):
Event: 30472.950 GC heap before
{Heap before GC invocations=15911 (full 20):
 PSYoungGen      total 4096K, used 4066K [0x00000000d5580000, 0x00000000d5f80000, 0x0000000100000000)
  eden space 2048K, 100% used [0x00000000d5580000,0x00000000d5780000,0x00000000d5780000)
  from space 2048K, 98% used [0x00000000d5780000,0x00000000d5978968,0x00000000d5980000)
  to   space 4096K, 0% used [0x00000000d5b80000,0x00000000d5b80000,0x00000000d5f80000)
 ParOldGen       total 295936K, used 295723K [0x0000000080000000, 0x0000000092100000, 0x00000000d5580000)
  object space 295936K, 99% used [0x0000000080000000,0x00000000920cac00,0x0000000092100000)
 Metaspace       used 126711K, committed 129600K, reserved 1179648K
  class space    used 14227K, committed 15488K, reserved 1048576K
}
Event: 30472.955 GC heap after
{Heap after GC invocations=15911 (full 20):
 PSYoungGen      total 5120K, used 2112K [0x00000000d5580000, 0x00000000d5e00000, 0x0000000100000000)
  eden space 2560K, 0% used [0x00000000d5580000,0x00000000d5580000,0x00000000d5800000)
  from space 2560K, 82% used [0x00000000d5b80000,0x00000000d5d90000,0x00000000d5e00000)
  to   space 3072K, 0% used [0x00000000d5800000,0x00000000d5800000,0x00000000d5b00000)
 ParOldGen       total 297984K, used 297725K [0x0000000080000000, 0x0000000092300000, 0x00000000d5580000)
  object space 297984K, 99% used [0x0000000080000000,0x00000000922bf568,0x0000000092300000)
 Metaspace       used 126711K, committed 129600K, reserved 1179648K
  class space    used 14227K, committed 15488K, reserved 1048576K
}
Event: 30472.966 GC heap before
{Heap before GC invocations=15912 (full 20):
 PSYoungGen      total 5120K, used 4672K [0x00000000d5580000, 0x00000000d5e00000, 0x0000000100000000)
  eden space 2560K, 100% used [0x00000000d5580000,0x00000000d5800000,0x00000000d5800000)
  from space 2560K, 82% used [0x00000000d5b80000,0x00000000d5d90000,0x00000000d5e00000)
  to   space 3072K, 0% used [0x00000000d5800000,0x00000000d5800000,0x00000000d5b00000)
 ParOldGen       total 297984K, used 297725K [0x0000000080000000, 0x0000000092300000, 0x00000000d5580000)
  object space 297984K, 99% used [0x0000000080000000,0x00000000922bf568,0x0000000092300000)
 Metaspace       used 126711K, committed 129600K, reserved 1179648K
  class space    used 14227K, committed 15488K, reserved 1048576K
}
Event: 30472.972 GC heap after
{Heap after GC invocations=15912 (full 20):
 PSYoungGen      total 5632K, used 2592K [0x00000000d5580000, 0x00000000d5e80000, 0x0000000100000000)
  eden space 2560K, 0% used [0x00000000d5580000,0x00000000d5580000,0x00000000d5800000)
  from space 3072K, 84% used [0x00000000d5800000,0x00000000d5a88000,0x00000000d5b00000)
  to   space 3072K, 0% used [0x00000000d5b80000,0x00000000d5b80000,0x00000000d5e80000)
 ParOldGen       total 300032K, used 299749K [0x0000000080000000, 0x0000000092500000, 0x00000000d5580000)
  object space 300032K, 99% used [0x0000000080000000,0x00000000924b9568,0x0000000092500000)
 Metaspace       used 126711K, committed 129600K, reserved 1179648K
  class space    used 14227K, committed 15488K, reserved 1048576K
}
Event: 30473.000 GC heap before
{Heap before GC invocations=15913 (full 20):
 PSYoungGen      total 5632K, used 5152K [0x00000000d5580000, 0x00000000d5e80000, 0x0000000100000000)
  eden space 2560K, 100% used [0x00000000d5580000,0x00000000d5800000,0x00000000d5800000)
  from space 3072K, 84% used [0x00000000d5800000,0x00000000d5a88000,0x00000000d5b00000)
  to   space 3072K, 0% used [0x00000000d5b80000,0x00000000d5b80000,0x00000000d5e80000)
 ParOldGen       total 300032K, used 299749K [0x0000000080000000, 0x0000000092500000, 0x00000000d5580000)
  object space 300032K, 99% used [0x0000000080000000,0x00000000924b9568,0x0000000092500000)
 Metaspace       used 126711K, committed 129600K, reserved 1179648K
  class space    used 14227K, committed 15488K, reserved 1048576K
}
Event: 30473.004 GC heap after
{Heap after GC invocations=15913 (full 20):
 PSYoungGen      total 4096K, used 1012K [0x00000000d5580000, 0x00000000d5c80000, 0x0000000100000000)
  eden space 3072K, 0% used [0x00000000d5580000,0x00000000d5580000,0x00000000d5880000)
  from space 1024K, 98% used [0x00000000d5b80000,0x00000000d5c7d200,0x00000000d5c80000)
  to   space 2048K, 0% used [0x00000000d5880000,0x00000000d5880000,0x00000000d5a80000)
 ParOldGen       total 302592K, used 302277K [0x0000000080000000, 0x0000000092780000, 0x00000000d5580000)
  object space 302592K, 99% used [0x0000000080000000,0x0000000092731568,0x0000000092780000)
 Metaspace       used 126711K, committed 129600K, reserved 1179648K
  class space    used 14227K, committed 15488K, reserved 1048576K
}
Event: 30473.012 GC heap before
{Heap before GC invocations=15914 (full 20):
 PSYoungGen      total 4096K, used 4084K [0x00000000d5580000, 0x00000000d5c80000, 0x0000000100000000)
  eden space 3072K, 100% used [0x00000000d5580000,0x00000000d5880000,0x00000000d5880000)
  from space 1024K, 98% used [0x00000000d5b80000,0x00000000d5c7d200,0x00000000d5c80000)
  to   space 2048K, 0% used [0x00000000d5880000,0x00000000d5880000,0x00000000d5a80000)
 ParOldGen       total 302592K, used 302277K [0x0000000080000000, 0x0000000092780000, 0x00000000d5580000)
  object space 302592K, 99% used [0x0000000080000000,0x0000000092731568,0x0000000092780000)
 Metaspace       used 126711K, committed 129600K, reserved 1179648K
  class space    used 14227K, committed 15488K, reserved 1048576K
}
Event: 30473.015 GC heap after
{Heap after GC invocations=15914 (full 20):
 PSYoungGen      total 5120K, used 480K [0x00000000d5580000, 0x00000000d5c00000, 0x0000000100000000)
  eden space 3072K, 0% used [0x00000000d5580000,0x00000000d5580000,0x00000000d5880000)
  from space 2048K, 23% used [0x00000000d5880000,0x00000000d58f8000,0x00000000d5a80000)
  to   space 1024K, 0% used [0x00000000d5b00000,0x00000000d5b00000,0x00000000d5c00000)
 ParOldGen       total 303616K, used 303201K [0x0000000080000000, 0x0000000092880000, 0x00000000d5580000)
  object space 303616K, 99% used [0x0000000080000000,0x0000000092818768,0x0000000092880000)
 Metaspace       used 126711K, committed 129600K, reserved 1179648K
  class space    used 14227K, committed 15488K, reserved 1048576K
}
Event: 30473.032 GC heap before
{Heap before GC invocations=15915 (full 20):
 PSYoungGen      total 5120K, used 3552K [0x00000000d5580000, 0x00000000d5c00000, 0x0000000100000000)
  eden space 3072K, 100% used [0x00000000d5580000,0x00000000d5880000,0x00000000d5880000)
  from space 2048K, 23% used [0x00000000d5880000,0x00000000d58f8000,0x00000000d5a80000)
  to   space 1024K, 0% used [0x00000000d5b00000,0x00000000d5b00000,0x00000000d5c00000)
 ParOldGen       total 303616K, used 303201K [0x0000000080000000, 0x0000000092880000, 0x00000000d5580000)
  object space 303616K, 99% used [0x0000000080000000,0x0000000092818768,0x0000000092880000)
 Metaspace       used 126711K, committed 129600K, reserved 1179648K
  class space    used 14227K, committed 15488K, reserved 1048576K
}
Event: 30473.035 GC heap after
{Heap after GC invocations=15915 (full 20):
 PSYoungGen      total 3072K, used 992K [0x00000000d5580000, 0x00000000d6080000, 0x0000000100000000)
  eden space 2048K, 0% used [0x00000000d5580000,0x00000000d5580000,0x00000000d5780000)
  from space 1024K, 96% used [0x00000000d5b00000,0x00000000d5bf8200,0x00000000d5c00000)
  to   space 3584K, 0% used [0x00000000d5780000,0x00000000d5780000,0x00000000d5b00000)
 ParOldGen       total 305664K, used 305206K [0x0000000080000000, 0x0000000092a80000, 0x00000000d5580000)
  object space 305664K, 99% used [0x0000000080000000,0x0000000092a0d938,0x0000000092a80000)
 Metaspace       used 126711K, committed 129600K, reserved 1179648K
  class space    used 14227K, committed 15488K, reserved 1048576K
}
Event: 30473.045 GC heap before
{Heap before GC invocations=15916 (full 20):
 PSYoungGen      total 3072K, used 2941K [0x00000000d5580000, 0x00000000d6080000, 0x0000000100000000)
  eden space 2048K, 95% used [0x00000000d5580000,0x00000000d5767278,0x00000000d5780000)
  from space 1024K, 96% used [0x00000000d5b00000,0x00000000d5bf8200,0x00000000d5c00000)
  to   space 3584K, 0% used [0x00000000d5780000,0x00000000d5780000,0x00000000d5b00000)
 ParOldGen       total 305664K, used 305206K [0x0000000080000000, 0x0000000092a80000, 0x00000000d5580000)
  object space 305664K, 99% used [0x0000000080000000,0x0000000092a0d938,0x0000000092a80000)
 Metaspace       used 126711K, committed 129600K, reserved 1179648K
  class space    used 14227K, committed 15488K, reserved 1048576K
}
Event: 30473.047 GC heap after
{Heap after GC invocations=15916 (full 20):
 PSYoungGen      total 3072K, used 706K [0x00000000d5580000, 0x00000000d5b80000, 0x0000000100000000)
  eden space 2048K, 0% used [0x00000000d5580000,0x00000000d5580000,0x00000000d5780000)
  from space 1024K, 69% used [0x00000000d5780000,0x00000000d5830b68,0x00000000d5880000)
  to   space 1536K, 0% used [0x00000000d5a00000,0x00000000d5a00000,0x00000000d5b80000)
 ParOldGen       total 305664K, used 305230K [0x0000000080000000, 0x0000000092a80000, 0x00000000d5580000)
  object space 305664K, 99% used [0x0000000080000000,0x0000000092a13938,0x0000000092a80000)
 Metaspace       used 126711K, committed 129600K, reserved 1179648K
  class space    used 14227K, committed 15488K, reserved 1048576K
}
Event: 30473.055 GC heap before
{Heap before GC invocations=15917 (full 20):
 PSYoungGen      total 3072K, used 2754K [0x00000000d5580000, 0x00000000d5b80000, 0x0000000100000000)
  eden space 2048K, 99% used [0x00000000d5580000,0x00000000d577ffe0,0x00000000d5780000)
  from space 1024K, 69% used [0x00000000d5780000,0x00000000d5830b68,0x00000000d5880000)
  to   space 1536K, 0% used [0x00000000d5a00000,0x00000000d5a00000,0x00000000d5b80000)
 ParOldGen       total 305664K, used 305230K [0x0000000080000000, 0x0000000092a80000, 0x00000000d5580000)
  object space 305664K, 99% used [0x0000000080000000,0x0000000092a13938,0x0000000092a80000)
 Metaspace       used 126711K, committed 129600K, reserved 1179648K
  class space    used 14227K, committed 15488K, reserved 1048576K
}
Event: 30473.057 GC heap after
{Heap after GC invocations=15917 (full 20):
 PSYoungGen      total 3072K, used 1506K [0x00000000d5580000, 0x00000000d5e00000, 0x0000000100000000)
  eden space 1536K, 0% used [0x00000000d5580000,0x00000000d5580000,0x00000000d5700000)
  from space 1536K, 98% used [0x00000000d5a00000,0x00000000d5b78968,0x00000000d5b80000)
  to   space 3072K, 0% used [0x00000000d5700000,0x00000000d5700000,0x00000000d5a00000)
 ParOldGen       total 306176K, used 306065K [0x0000000080000000, 0x0000000092b00000, 0x00000000d5580000)
  object space 306176K, 99% used [0x0000000080000000,0x0000000092ae44a0,0x0000000092b00000)
 Metaspace       used 126711K, committed 129600K, reserved 1179648K
  class space    used 14227K, committed 15488K, reserved 1048576K
}
Event: 30473.063 GC heap before
{Heap before GC invocations=15918 (full 20):
 PSYoungGen      total 3072K, used 3042K [0x00000000d5580000, 0x00000000d5e00000, 0x0000000100000000)
  eden space 1536K, 99% used [0x00000000d5580000,0x00000000d56ffff0,0x00000000d5700000)
  from space 1536K, 98% used [0x00000000d5a00000,0x00000000d5b78968,0x00000000d5b80000)
  to   space 3072K, 0% used [0x00000000d5700000,0x00000000d5700000,0x00000000d5a00000)
 ParOldGen       total 306176K, used 306065K [0x0000000080000000, 0x0000000092b00000, 0x00000000d5580000)
  object space 306176K, 99% used [0x0000000080000000,0x0000000092ae44a0,0x0000000092b00000)
 Metaspace       used 126711K, committed 129600K, reserved 1179648K
  class space    used 14227K, committed 15488K, reserved 1048576K
}
Event: 30473.068 GC heap after
{Heap after GC invocations=15918 (full 20):
 PSYoungGen      total 3072K, used 1536K [0x00000000d5580000, 0x00000000d5b80000, 0x0000000100000000)
  eden space 1536K, 0% used [0x00000000d5580000,0x00000000d5580000,0x00000000d5700000)
  from space 1536K, 100% used [0x00000000d5700000,0x00000000d5880000,0x00000000d5880000)
  to   space 2048K, 0% used [0x00000000d5980000,0x00000000d5980000,0x00000000d5b80000)
 ParOldGen       total 307712K, used 307603K [0x0000000080000000, 0x0000000092c80000, 0x00000000d5580000)
  object space 307712K, 99% used [0x0000000080000000,0x0000000092c64e08,0x0000000092c80000)
 Metaspace       used 126711K, committed 129600K, reserved 1179648K
  class space    used 14227K, committed 15488K, reserved 1048576K
}
Event: 30473.074 GC heap before
{Heap before GC invocations=15919 (full 20):
 PSYoungGen      total 3072K, used 3072K [0x00000000d5580000, 0x00000000d5b80000, 0x0000000100000000)
  eden space 1536K, 100% used [0x00000000d5580000,0x00000000d5700000,0x00000000d5700000)
  from space 1536K, 100% used [0x00000000d5700000,0x00000000d5880000,0x00000000d5880000)
  to   space 2048K, 0% used [0x00000000d5980000,0x00000000d5980000,0x00000000d5b80000)
 ParOldGen       total 307712K, used 307603K [0x0000000080000000, 0x0000000092c80000, 0x00000000d5580000)
  object space 307712K, 99% used [0x0000000080000000,0x0000000092c64e08,0x0000000092c80000)
 Metaspace       used 126711K, committed 129600K, reserved 1179648K
  class space    used 14227K, committed 15488K, reserved 1048576K
}
Event: 30473.079 GC heap after
{Heap after GC invocations=15919 (full 20):
 PSYoungGen      total 4096K, used 1600K [0x00000000d5580000, 0x00000000d5b80000, 0x0000000100000000)
  eden space 2048K, 0% used [0x00000000d5580000,0x00000000d5580000,0x00000000d5780000)
  from space 2048K, 78% used [0x00000000d5980000,0x00000000d5b10000,0x00000000d5b80000)
  to   space 2048K, 0% used [0x00000000d5780000,0x00000000d5780000,0x00000000d5980000)
 ParOldGen       total 309248K, used 309043K [0x0000000080000000, 0x0000000092e00000, 0x00000000d5580000)
  object space 309248K, 99% used [0x0000000080000000,0x0000000092dcce08,0x0000000092e00000)
 Metaspace       used 126711K, committed 129600K, reserved 1179648K
  class space    used 14227K, committed 15488K, reserved 1048576K
}
Event: 30473.087 GC heap before
{Heap before GC invocations=15920 (full 20):
 PSYoungGen      total 4096K, used 3648K [0x00000000d5580000, 0x00000000d5b80000, 0x0000000100000000)
  eden space 2048K, 100% used [0x00000000d5580000,0x00000000d5780000,0x00000000d5780000)
  from space 2048K, 78% used [0x00000000d5980000,0x00000000d5b10000,0x00000000d5b80000)
  to   space 2048K, 0% used [0x00000000d5780000,0x00000000d5780000,0x00000000d5980000)
 ParOldGen       total 309248K, used 309043K [0x0000000080000000, 0x0000000092e00000, 0x00000000d5580000)
  object space 309248K, 99% used [0x0000000080000000,0x0000000092dcce08,0x0000000092e00000)
 Metaspace       used 126711K, committed 129600K, reserved 1179648K
  class space    used 14227K, committed 15488K, reserved 1048576K
}
Event: 30473.092 GC heap after
{Heap after GC invocations=15920 (full 20):
 PSYoungGen      total 4096K, used 2048K [0x00000000d5580000, 0x00000000d6000000, 0x0000000100000000)
  eden space 2048K, 0% used [0x00000000d5580000,0x00000000d5580000,0x00000000d5780000)
  from space 2048K, 100% used [0x00000000d5780000,0x00000000d5980000,0x00000000d5980000)
  to   space 4096K, 0% used [0x00000000d5c00000,0x00000000d5c00000,0x00000000d6000000)
 ParOldGen       total 310784K, used 310531K [0x0000000080000000, 0x0000000092f80000, 0x00000000d5580000)
  object space 310784K, 99% used [0x0000000080000000,0x0000000092f40e08,0x0000000092f80000)
 Metaspace       used 126711K, committed 129600K, reserved 1179648K
  class space    used 14227K, committed 15488K, reserved 1048576K
}

Dll operation events (16 events):
Event: 0.054 Loaded shared library c:\Users\Polaris_Light\.vscode\extensions\redhat.java-1.53.0-win32-x64\jre\21.0.10-win32-x86_64\bin\java.dll
Event: 0.157 Loaded shared library c:\Users\Polaris_Light\.vscode\extensions\redhat.java-1.53.0-win32-x64\jre\21.0.10-win32-x86_64\bin\zip.dll
Event: 0.554 Loaded shared library C:\Users\Polaris_Light\.vscode\extensions\redhat.java-1.53.0-win32-x64\jre\21.0.10-win32-x86_64\bin\instrument.dll
Event: 0.574 Loaded shared library C:\Users\Polaris_Light\.vscode\extensions\redhat.java-1.53.0-win32-x64\jre\21.0.10-win32-x86_64\bin\net.dll
Event: 0.584 Loaded shared library C:\Users\Polaris_Light\.vscode\extensions\redhat.java-1.53.0-win32-x64\jre\21.0.10-win32-x86_64\bin\nio.dll
Event: 0.594 Loaded shared library C:\Users\Polaris_Light\.vscode\extensions\redhat.java-1.53.0-win32-x64\jre\21.0.10-win32-x86_64\bin\zip.dll
Event: 0.653 Loaded shared library C:\Users\Polaris_Light\.vscode\extensions\redhat.java-1.53.0-win32-x64\jre\21.0.10-win32-x86_64\bin\jimage.dll
Event: 0.850 Loaded shared library c:\Users\Polaris_Light\.vscode\extensions\redhat.java-1.53.0-win32-x64\jre\21.0.10-win32-x86_64\bin\verify.dll
Event: 3.739 Loaded shared library C:\Users\Polaris_Light\AppData\Roaming\Code\User\globalStorage\redhat.java\1.53.0\config_win\org.eclipse.equinox.launcher\org.eclipse.equinox.launcher.win32.win32.x86_64_1.3.0.v20260203-2149\eclipse_11919.dll
Event: 9.591 Loaded shared library D:\Temp\jna-1258692287\jna7104540203078851696.dll
Event: 18.177 Loaded shared library C:\Users\Polaris_Light\.vscode\extensions\redhat.java-1.53.0-win32-x64\jre\21.0.10-win32-x86_64\bin\extnet.dll
Event: 18.732 Loaded shared library C:\Users\Polaris_Light\.vscode\extensions\redhat.java-1.53.0-win32-x64\jre\21.0.10-win32-x86_64\bin\sunmscapi.dll
Event: 29.811 Loaded shared library D:\.gradle\native\660c5614fbf4a5f2a75b1949f50a0caf5cd603558e7d8a26e50b933a0cfb79d1\windows-amd64\native-platform.dll
Event: 33.582 Loaded shared library C:\Users\Polaris_Light\.vscode\extensions\redhat.java-1.53.0-win32-x64\jre\21.0.10-win32-x86_64\bin\management.dll
Event: 33.601 Loaded shared library C:\Users\Polaris_Light\.vscode\extensions\redhat.java-1.53.0-win32-x64\jre\21.0.10-win32-x86_64\bin\management_ext.dll
Event: 26258.595 Loaded shared library D:\.gradle\native\c067742578af261105cb4f569cf0c3c89f3d7b1fecec35dd04571415982c5e48\windows-amd64\native-platform.dll

Deoptimization events (20 events):
Event: 29001.682 Thread 0x0000021e73c3f060 Uncommon trap: trap_request=0xffffff45 fr.pc=0x0000021e53a34610 relative=0x0000000000000d50
Event: 29001.682 Thread 0x0000021e73c3f060 Uncommon trap: reason=unstable_if action=reinterpret pc=0x0000021e53a34610 method=org.eclipse.jdt.internal.compiler.ClassFile.generateRuntimeAnnotations([Lorg/eclipse/jdt/internal/compiler/ast/Annotation;J)I @ 138 c2
Event: 29001.682 Thread 0x0000021e73c3f060 DEOPT PACKING pc=0x0000021e53a34610 sp=0x000000b1905fe970
Event: 29001.682 Thread 0x0000021e73c3f060 DEOPT UNPACKING pc=0x0000021e533e6da2 sp=0x000000b1905fe8c8 mode 2
Event: 29056.097 Thread 0x0000021e89e79f20 Uncommon trap: trap_request=0xffffffc6 fr.pc=0x0000021e542d2074 relative=0x0000000000000294
Event: 29056.098 Thread 0x0000021e89e79f20 Uncommon trap: reason=bimorphic_or_optimized_type_check action=maybe_recompile pc=0x0000021e542d2074 method=lombok.eclipse.HandlerLibrary.handleAnnotation(Lorg/eclipse/jdt/internal/compiler/ast/CompilationUnitDeclaration;Llombok/eclipse/EclipseNode;Lorg/e
Event: 29056.098 Thread 0x0000021e89e79f20 DEOPT PACKING pc=0x0000021e542d2074 sp=0x000000b18e7fe3d0
Event: 29056.098 Thread 0x0000021e89e79f20 DEOPT UNPACKING pc=0x0000021e533e6da2 sp=0x000000b18e7fe340 mode 2
Event: 29058.215 Thread 0x0000021e89e784e0 DEOPT PACKING pc=0x0000021e4cfa862b sp=0x000000b192bfeeb0
Event: 29058.215 Thread 0x0000021e89e784e0 DEOPT UNPACKING pc=0x0000021e533e78e2 sp=0x000000b192bfe388 mode 0
Event: 29058.827 Thread 0x0000021e73c3f060 Uncommon trap: trap_request=0xffffff45 fr.pc=0x0000021e5479219c relative=0x000000000000015c
Event: 29058.827 Thread 0x0000021e73c3f060 Uncommon trap: reason=unstable_if action=reinterpret pc=0x0000021e5479219c method=org.eclipse.jdt.internal.compiler.parser.Parser.consumeMethodHeader()V @ 48 c2
Event: 29058.827 Thread 0x0000021e73c3f060 DEOPT PACKING pc=0x0000021e5479219c sp=0x000000b1905fe7c0
Event: 29058.827 Thread 0x0000021e73c3f060 DEOPT UNPACKING pc=0x0000021e533e6da2 sp=0x000000b1905fe738 mode 2
Event: 29283.102 Thread 0x0000021e85912960 DEOPT PACKING pc=0x0000021e4d1ef1c2 sp=0x000000b191bff610
Event: 29283.102 Thread 0x0000021e85912960 DEOPT UNPACKING pc=0x0000021e533e78e2 sp=0x000000b191bfeae8 mode 0
Event: 29667.060 Thread 0x0000021e859115b0 DEOPT PACKING pc=0x0000021e4d1ef1c2 sp=0x000000b1907ff250
Event: 29667.060 Thread 0x0000021e859115b0 DEOPT UNPACKING pc=0x0000021e533e78e2 sp=0x000000b1907fe728 mode 0
Event: 30115.033 Thread 0x0000021e85910890 DEOPT PACKING pc=0x0000021e4ea9665b sp=0x000000b1928ff700
Event: 30115.033 Thread 0x0000021e85910890 DEOPT UNPACKING pc=0x0000021e533e78e2 sp=0x000000b1928febe8 mode 0

Classes loaded (20 events):
Event: 5028.094 Loading class sun/net/www/http/KeepAliveCache$1
Event: 5028.094 Loading class sun/net/www/http/KeepAliveCache$1 done
Event: 5028.094 Loading class sun/net/www/http/KeepAliveCache$ClientVector
Event: 5028.094 Loading class sun/net/www/http/KeepAliveCache$ClientVector done
Event: 5028.097 Loading class sun/net/www/http/KeepAliveEntry
Event: 5028.097 Loading class sun/net/www/http/KeepAliveEntry done
Event: 5088.127 Loading class sun/security/ssl/Alert
Event: 5088.128 Loading class sun/security/ssl/Alert done
Event: 5088.128 Loading class sun/security/ssl/Alert$AlertConsumer
Event: 5088.129 Loading class sun/security/ssl/Alert$AlertConsumer done
Event: 5088.129 Loading class sun/security/ssl/Alert$Level
Event: 5088.129 Loading class sun/security/ssl/Alert$Level done
Event: 26262.740 Loading class sun/nio/ch/ChannelOutputStream
Event: 26262.741 Loading class sun/nio/ch/ChannelOutputStream done
Event: 26304.145 Loading class java/io/ObjectInputStream$Caches
Event: 26304.146 Loading class java/io/ObjectInputStream$Caches done
Event: 26304.146 Loading class java/io/ObjectInputStream$Caches$1
Event: 26304.146 Loading class java/io/ObjectInputStream$Caches$1 done
Event: 26987.990 Loading class java/util/concurrent/ConcurrentHashMap$KeySpliterator
Event: 26987.991 Loading class java/util/concurrent/ConcurrentHashMap$KeySpliterator done

Classes unloaded (20 events):
Event: 28876.256 Thread 0x0000021e48d00b10 Unloading class 0x0000021e01e68400 'jdk/internal/reflect/GeneratedSerializationConstructorAccessor81'
Event: 28876.256 Thread 0x0000021e48d00b10 Unloading class 0x0000021e01e68000 'jdk/internal/reflect/GeneratedSerializationConstructorAccessor80'
Event: 28876.256 Thread 0x0000021e48d00b10 Unloading class 0x0000021e01e67c00 'jdk/internal/reflect/GeneratedSerializationConstructorAccessor79'
Event: 28876.256 Thread 0x0000021e48d00b10 Unloading class 0x0000021e01e67800 'jdk/internal/reflect/GeneratedSerializationConstructorAccessor78'
Event: 28876.257 Thread 0x0000021e48d00b10 Unloading class 0x0000021e01e67400 'jdk/internal/reflect/GeneratedSerializationConstructorAccessor77'
Event: 28876.257 Thread 0x0000021e48d00b10 Unloading class 0x0000021e01e66c00 'jdk/internal/reflect/GeneratedSerializationConstructorAccessor75'
Event: 28876.257 Thread 0x0000021e48d00b10 Unloading class 0x0000021e01e66800 'jdk/internal/reflect/GeneratedSerializationConstructorAccessor74'
Event: 28876.257 Thread 0x0000021e48d00b10 Unloading class 0x0000021e01e66400 'jdk/internal/reflect/GeneratedSerializationConstructorAccessor73'
Event: 28876.257 Thread 0x0000021e48d00b10 Unloading class 0x0000021e01e66000 'jdk/internal/reflect/GeneratedSerializationConstructorAccessor72'
Event: 28876.257 Thread 0x0000021e48d00b10 Unloading class 0x0000021e01e65c00 'jdk/internal/reflect/GeneratedSerializationConstructorAccessor71'
Event: 28876.257 Thread 0x0000021e48d00b10 Unloading class 0x0000021e01e65800 'jdk/internal/reflect/GeneratedSerializationConstructorAccessor70'
Event: 28876.257 Thread 0x0000021e48d00b10 Unloading class 0x0000021e01e65400 'java/lang/invoke/LambdaForm$MH+0x0000021e01e65400'
Event: 28876.257 Thread 0x0000021e48d00b10 Unloading class 0x0000021e01d20c00 'java/lang/invoke/LambdaForm$MH+0x0000021e01d20c00'
Event: 28876.257 Thread 0x0000021e48d00b10 Unloading class 0x0000021e01d20800 'java/lang/invoke/LambdaForm$MH+0x0000021e01d20800'
Event: 28876.257 Thread 0x0000021e48d00b10 Unloading class 0x0000021e01d20400 'java/lang/invoke/LambdaForm$MH+0x0000021e01d20400'
Event: 28876.257 Thread 0x0000021e48d00b10 Unloading class 0x0000021e01d20000 'java/lang/invoke/LambdaForm$MH+0x0000021e01d20000'
Event: 28876.257 Thread 0x0000021e48d00b10 Unloading class 0x0000021e01620400 'java/lang/invoke/LambdaForm$MH+0x0000021e01620400'
Event: 28876.257 Thread 0x0000021e48d00b10 Unloading class 0x0000021e01620800 'java/lang/invoke/LambdaForm$MH+0x0000021e01620800'
Event: 28876.257 Thread 0x0000021e48d00b10 Unloading class 0x0000021e01621400 'java/lang/invoke/LambdaForm$MH+0x0000021e01621400'
Event: 28876.257 Thread 0x0000021e48d00b10 Unloading class 0x0000021e01769000 'java/lang/invoke/LambdaForm$MH+0x0000021e01769000'

Classes redefined (0 events):
No events

Internal exceptions (20 events):
Event: 28808.043 Thread 0x0000021e89e75d80 Implicit null exception at 0x0000021e55874a13 to 0x0000021e55874ac8
Event: 28808.043 Thread 0x0000021e89e75d80 Implicit null exception at 0x0000021e55874ee2 to 0x0000021e55874f50
Event: 28808.043 Thread 0x0000021e89e75d80 Implicit null exception at 0x0000021e5587565e to 0x0000021e558756b4
Event: 28808.043 Thread 0x0000021e89e75d80 Implicit null exception at 0x0000021e5587761d to 0x0000021e5587805c
Event: 28809.982 Thread 0x0000021e89e74340 Implicit null exception at 0x0000021e54e7be98 to 0x0000021e54e7d028
Event: 28812.520 Thread 0x0000021e68600b10 Exception <a 'java/lang/ArrayIndexOutOfBoundsException'{0x00000000d59332d8}> (0x00000000d59332d8) 
thrown [s\src\hotspot\share\runtime\sharedRuntime.cpp, line 625]
Event: 28813.467 Thread 0x0000021e68600b10 Exception <a 'java/lang/ArrayIndexOutOfBoundsException'{0x00000000d57735f8}> (0x00000000d57735f8) 
thrown [s\src\hotspot\share\runtime\sharedRuntime.cpp, line 625]
Event: 28813.467 Thread 0x0000021e68600b10 Exception <a 'java/lang/ArrayIndexOutOfBoundsException'{0x00000000d5773c50}> (0x00000000d5773c50) 
thrown [s\src\hotspot\share\runtime\sharedRuntime.cpp, line 625]
Event: 28813.467 Thread 0x0000021e68600b10 Exception <a 'java/lang/ArrayIndexOutOfBoundsException'{0x00000000d5773ff8}> (0x00000000d5773ff8) 
thrown [s\src\hotspot\share\runtime\sharedRuntime.cpp, line 625]
Event: 29058.183 Thread 0x0000021e68600b10 Exception <a 'java/lang/ArrayIndexOutOfBoundsException'{0x00000000d5663920}> (0x00000000d5663920) 
thrown [s\src\hotspot\share\runtime\sharedRuntime.cpp, line 625]
Event: 29058.183 Thread 0x0000021e68600b10 Exception <a 'java/lang/ArrayIndexOutOfBoundsException'{0x00000000d56641e0}> (0x00000000d56641e0) 
thrown [s\src\hotspot\share\runtime\sharedRuntime.cpp, line 625]
Event: 29058.183 Thread 0x0000021e68600b10 Exception <a 'java/lang/ArrayIndexOutOfBoundsException'{0x00000000d5664588}> (0x00000000d5664588) 
thrown [s\src\hotspot\share\runtime\sharedRuntime.cpp, line 625]
Event: 29114.969 Thread 0x0000021e89e79200 Exception <a 'sun/nio/fs/WindowsException'{0x00000000d55a6888}> (0x00000000d55a6888) 
thrown [s\src\hotspot\share\prims\jni.cpp, line 520]
Event: 29114.969 Thread 0x0000021e89e79200 Exception <a 'sun/nio/fs/WindowsException'{0x00000000d55a71f8}> (0x00000000d55a71f8) 
thrown [s\src\hotspot\share\prims\jni.cpp, line 520]
Event: 29114.970 Thread 0x0000021e89e79200 Exception <a 'sun/nio/fs/WindowsException'{0x00000000d55c2948}> (0x00000000d55c2948) 
thrown [s\src\hotspot\share\prims\jni.cpp, line 520]
Event: 29114.970 Thread 0x0000021e89e79200 Exception <a 'sun/nio/fs/WindowsException'{0x00000000d55c32a0}> (0x00000000d55c32a0) 
thrown [s\src\hotspot\share\prims\jni.cpp, line 520]
Event: 29114.972 Thread 0x0000021e89e79200 Exception <a 'sun/nio/fs/WindowsException'{0x00000000d55d9ae0}> (0x00000000d55d9ae0) 
thrown [s\src\hotspot\share\prims\jni.cpp, line 520]
Event: 29114.972 Thread 0x0000021e89e79200 Exception <a 'sun/nio/fs/WindowsException'{0x00000000d55da450}> (0x00000000d55da450) 
thrown [s\src\hotspot\share\prims\jni.cpp, line 520]
Event: 29114.973 Thread 0x0000021e89e79200 Exception <a 'sun/nio/fs/WindowsException'{0x00000000d55dc960}> (0x00000000d55dc960) 
thrown [s\src\hotspot\share\prims\jni.cpp, line 520]
Event: 29114.973 Thread 0x0000021e89e79200 Exception <a 'sun/nio/fs/WindowsException'{0x00000000d55dd2b8}> (0x00000000d55dd2b8) 
thrown [s\src\hotspot\share\prims\jni.cpp, line 520]

ZGC Phase Switch (0 events):
No events

VM Operations (20 events):
Event: 30473.000 Executing safepoint VM operation: ParallelGCFailedAllocation (Allocation Failure)
Event: 30473.004 Executing safepoint VM operation: ParallelGCFailedAllocation (Allocation Failure) done
Event: 30473.012 Executing safepoint VM operation: ParallelGCFailedAllocation (Allocation Failure)
Event: 30473.015 Executing safepoint VM operation: ParallelGCFailedAllocation (Allocation Failure) done
Event: 30473.032 Executing safepoint VM operation: ParallelGCFailedAllocation (Allocation Failure)
Event: 30473.035 Executing safepoint VM operation: ParallelGCFailedAllocation (Allocation Failure) done
Event: 30473.045 Executing safepoint VM operation: ParallelGCFailedAllocation (Allocation Failure)
Event: 30473.047 Executing safepoint VM operation: ParallelGCFailedAllocation (Allocation Failure) done
Event: 30473.055 Executing safepoint VM operation: ParallelGCFailedAllocation (Allocation Failure)
Event: 30473.057 Executing safepoint VM operation: ParallelGCFailedAllocation (Allocation Failure) done
Event: 30473.063 Executing safepoint VM operation: ParallelGCFailedAllocation (Allocation Failure)
Event: 30473.068 Executing safepoint VM operation: ParallelGCFailedAllocation (Allocation Failure) done
Event: 30473.073 Executing safepoint VM operation: ParallelGCFailedAllocation (Allocation Failure)
Event: 30473.079 Executing safepoint VM operation: ParallelGCFailedAllocation (Allocation Failure) done
Event: 30473.087 Executing safepoint VM operation: ParallelGCFailedAllocation (Allocation Failure)
Event: 30473.092 Executing safepoint VM operation: ParallelGCFailedAllocation (Allocation Failure) done
Event: 30490.691 Executing non-safepoint VM operation: HandshakeAllThreads (HandshakeForDeflation)
Event: 30490.691 Executing non-safepoint VM operation: HandshakeAllThreads (HandshakeForDeflation) done
Event: 30490.691 Executing non-safepoint VM operation: RendezvousGCThreads
Event: 30490.691 Executing non-safepoint VM operation: RendezvousGCThreads done

Memory protections (0 events):
No events

Nmethod flushes (20 events):
Event: 28876.306 Thread 0x0000021e48d00b10 flushing  nmethod 0x0000021e4e847490
Event: 28876.306 Thread 0x0000021e48d00b10 flushing  nmethod 0x0000021e4e847d10
Event: 28876.306 Thread 0x0000021e48d00b10 flushing  nmethod 0x0000021e4e99bc90
Event: 28876.306 Thread 0x0000021e48d00b10 flushing  nmethod 0x0000021e4e9b2990
Event: 28876.306 Thread 0x0000021e48d00b10 flushing  nmethod 0x0000021e4ea3c690
Event: 28876.306 Thread 0x0000021e48d00b10 flushing  nmethod 0x0000021e4ea3de90
Event: 28876.306 Thread 0x0000021e48d00b10 flushing  nmethod 0x0000021e4ea3ec90
Event: 28876.306 Thread 0x0000021e48d00b10 flushing  nmethod 0x0000021e4ea84910
Event: 28876.306 Thread 0x0000021e48d00b10 flushing  nmethod 0x0000021e4ea94890
Event: 28876.306 Thread 0x0000021e48d00b10 flushing  nmethod 0x0000021e4eab0910
Event: 28876.306 Thread 0x0000021e48d00b10 flushing  nmethod 0x0000021e4eab7190
Event: 28876.306 Thread 0x0000021e48d00b10 flushing  nmethod 0x0000021e4eab8990
Event: 28876.306 Thread 0x0000021e48d00b10 flushing  nmethod 0x0000021e4eabf790
Event: 28876.306 Thread 0x0000021e48d00b10 flushing  nmethod 0x0000021e4ead0510
Event: 28876.306 Thread 0x0000021e48d00b10 flushing  nmethod 0x0000021e4ec7ea90
Event: 28876.306 Thread 0x0000021e48d00b10 flushing  nmethod 0x0000021e4ece1d10
Event: 28876.306 Thread 0x0000021e48d00b10 flushing  nmethod 0x0000021e4ecfe090
Event: 28876.306 Thread 0x0000021e48d00b10 flushing  nmethod 0x0000021e4ed0b810
Event: 28876.306 Thread 0x0000021e48d00b10 flushing  nmethod 0x0000021e4ed2f710
Event: 28876.306 Thread 0x0000021e48d00b10 flushing  nmethod 0x0000021e4eeef910

Events (20 events):
Event: 29114.975 Thread 0x0000021e89e78b70 Thread exited: 0x0000021e89e78b70
Event: 29118.232 Thread 0x0000021e89e784e0 Thread exited: 0x0000021e89e784e0
Event: 29120.797 Thread 0x0000021e89e79f20 Thread exited: 0x0000021e89e79f20
Event: 29174.973 Thread 0x0000021e89e756f0 Thread exited: 0x0000021e89e756f0
Event: 29175.116 Thread 0x0000021e89e777c0 Thread exited: 0x0000021e89e777c0
Event: 29180.809 Thread 0x0000021e73c3f060 Thread exited: 0x0000021e73c3f060
Event: 29240.816 Thread 0x0000021e89e749d0 Thread exited: 0x0000021e89e749d0
Event: 29300.818 Thread 0x0000021e89e74340 Thread exited: 0x0000021e89e74340
Event: 29360.819 Thread 0x0000021e89e73cb0 Thread exited: 0x0000021e89e73cb0
Event: 29420.823 Thread 0x0000021e89e75060 Thread exited: 0x0000021e89e75060
Event: 29480.838 Thread 0x0000021e89e75d80 Thread exited: 0x0000021e89e75d80
Event: 30455.547 Thread 0x0000021e68600b10 Thread added: 0x0000021e863e5040
Event: 30455.558 Thread 0x0000021e68600b10 Thread added: 0x0000021e863e63f0
Event: 30455.620 Thread 0x0000021e68600b10 Thread added: 0x0000021e863e6a80
Event: 30472.852 Thread 0x0000021e863e6a80 Thread added: 0x0000021e863e77a0
Event: 30472.853 Thread 0x0000021e863e5040 Thread added: 0x0000021e863e49b0
Event: 30472.854 Thread 0x0000021e863e63f0 Thread added: 0x0000021e863e84c0
Event: 30472.855 Thread 0x0000021e863e77a0 Thread added: 0x0000021e863e8b50
Event: 30533.102 Thread 0x0000021e863e63f0 Thread exited: 0x0000021e863e63f0
Event: 30593.113 Thread 0x0000021e863e8b50 Thread exited: 0x0000021e863e8b50


Dynamic libraries:
0x00007ff747770000 - 0x00007ff74777e000 	c:\Users\Polaris_Light\.vscode\extensions\redhat.java-1.53.0-win32-x64\jre\21.0.10-win32-x86_64\bin\java.exe
0x00007ffb65100000 - 0x00007ffb65367000 	C:\WINDOWS\SYSTEM32\ntdll.dll
0x00007ffb62f70000 - 0x00007ffb63039000 	C:\WINDOWS\System32\KERNEL32.DLL
0x00007ffb62730000 - 0x00007ffb62b24000 	C:\WINDOWS\System32\KERNELBASE.dll
0x00007ffb61c00000 - 0x00007ffb61d4b000 	C:\WINDOWS\System32\ucrtbase.dll
0x00007ffb05130000 - 0x00007ffb05148000 	c:\Users\Polaris_Light\.vscode\extensions\redhat.java-1.53.0-win32-x64\jre\21.0.10-win32-x86_64\bin\jli.dll
0x00007ffb63140000 - 0x00007ffb63306000 	C:\WINDOWS\System32\USER32.dll
0x00007ffb619d0000 - 0x00007ffb619f7000 	C:\WINDOWS\System32\win32u.dll
0x00007ffb63450000 - 0x00007ffb6347b000 	C:\WINDOWS\System32\GDI32.dll
0x00007ffb01fe0000 - 0x00007ffb01ffe000 	c:\Users\Polaris_Light\.vscode\extensions\redhat.java-1.53.0-win32-x64\jre\21.0.10-win32-x86_64\bin\VCRUNTIME140.dll
0x00007ffb62b30000 - 0x00007ffb62c5a000 	C:\WINDOWS\System32\gdi32full.dll
0x00007ffb3ee30000 - 0x00007ffb3f0c3000 	C:\WINDOWS\WinSxS\amd64_microsoft.windows.common-controls_6595b64144ccf1df_6.0.26100.7939_none_3e08fef0e333ee2f\COMCTL32.dll
0x00007ffb63480000 - 0x00007ffb63529000 	C:\WINDOWS\System32\msvcrt.dll
0x00007ffb61d50000 - 0x00007ffb61df3000 	C:\WINDOWS\System32\msvcp_win.dll
0x00007ffb63840000 - 0x00007ffb63872000 	C:\WINDOWS\System32\IMM32.DLL
0x00007ffb2e2b0000 - 0x00007ffb2e2bc000 	c:\Users\Polaris_Light\.vscode\extensions\redhat.java-1.53.0-win32-x64\jre\21.0.10-win32-x86_64\bin\vcruntime140_1.dll
0x00007ffaef590000 - 0x00007ffaef61d000 	c:\Users\Polaris_Light\.vscode\extensions\redhat.java-1.53.0-win32-x64\jre\21.0.10-win32-x86_64\bin\msvcp140.dll
0x00007ffa79ce0000 - 0x00007ffa7aa81000 	c:\Users\Polaris_Light\.vscode\extensions\redhat.java-1.53.0-win32-x64\jre\21.0.10-win32-x86_64\bin\server\jvm.dll
0x00007ffb63780000 - 0x00007ffb6383c000 	C:\WINDOWS\System32\ADVAPI32.dll
0x00007ffb633a0000 - 0x00007ffb63447000 	C:\WINDOWS\System32\sechost.dll
0x00007ffb635f0000 - 0x00007ffb63708000 	C:\WINDOWS\System32\RPCRT4.dll
0x00007ffb63a70000 - 0x00007ffb63aef000 	C:\WINDOWS\System32\WS2_32.dll
0x00007ffb617f0000 - 0x00007ffb6184e000 	C:\WINDOWS\SYSTEM32\POWRPROF.dll
0x00007ffb59f30000 - 0x00007ffb59f66000 	C:\WINDOWS\SYSTEM32\WINMM.dll
0x00007ffb4def0000 - 0x00007ffb4defb000 	C:\WINDOWS\SYSTEM32\VERSION.dll
0x00007ffb617d0000 - 0x00007ffb617e4000 	C:\WINDOWS\SYSTEM32\UMPDC.dll
0x00007ffb606e0000 - 0x00007ffb606fb000 	C:\WINDOWS\SYSTEM32\kernel.appcore.dll
0x00007ffb2ca30000 - 0x00007ffb2ca3a000 	c:\Users\Polaris_Light\.vscode\extensions\redhat.java-1.53.0-win32-x64\jre\21.0.10-win32-x86_64\bin\jimage.dll
0x00007ffb5f4d0000 - 0x00007ffb5f712000 	C:\WINDOWS\SYSTEM32\DBGHELP.DLL
0x00007ffb63c70000 - 0x00007ffb63ff2000 	C:\WINDOWS\System32\combase.dll
0x00007ffb63b00000 - 0x00007ffb63bd7000 	C:\WINDOWS\System32\OLEAUT32.dll
0x00007ffb3bda0000 - 0x00007ffb3bddb000 	C:\WINDOWS\SYSTEM32\dbgcore.DLL
0x00007ffb62c60000 - 0x00007ffb62d05000 	C:\WINDOWS\System32\bcryptPrimitives.dll
0x00007ffb1dc10000 - 0x00007ffb1dc1f000 	c:\Users\Polaris_Light\.vscode\extensions\redhat.java-1.53.0-win32-x64\jre\21.0.10-win32-x86_64\bin\instrument.dll
0x00007ffb01450000 - 0x00007ffb01470000 	c:\Users\Polaris_Light\.vscode\extensions\redhat.java-1.53.0-win32-x64\jre\21.0.10-win32-x86_64\bin\java.dll
0x00007ffb64950000 - 0x00007ffb650b4000 	C:\WINDOWS\System32\SHELL32.dll
0x00007ffb61a90000 - 0x00007ffb61bfa000 	C:\WINDOWS\System32\wintypes.dll
0x00007ffb61e00000 - 0x00007ffb62664000 	C:\WINDOWS\System32\windows.storage.dll
0x00007ffb643a0000 - 0x00007ffb64498000 	C:\WINDOWS\System32\SHCORE.dll
0x00007ffb63710000 - 0x00007ffb63777000 	C:\WINDOWS\System32\shlwapi.dll
0x00007ffb618b0000 - 0x00007ffb618d9000 	C:\WINDOWS\SYSTEM32\profapi.dll
0x00007ffb009c0000 - 0x00007ffb009d8000 	c:\Users\Polaris_Light\.vscode\extensions\redhat.java-1.53.0-win32-x64\jre\21.0.10-win32-x86_64\bin\zip.dll
0x00007ffb28fc0000 - 0x00007ffb28fd0000 	C:\Users\Polaris_Light\.vscode\extensions\redhat.java-1.53.0-win32-x64\jre\21.0.10-win32-x86_64\bin\net.dll
0x00007ffb4fce0000 - 0x00007ffb4fe0d000 	C:\WINDOWS\SYSTEM32\WINHTTP.dll
0x00007ffb60c80000 - 0x00007ffb60cec000 	C:\WINDOWS\system32\mswsock.dll
0x00007ffafa8c0000 - 0x00007ffafa8d6000 	C:\Users\Polaris_Light\.vscode\extensions\redhat.java-1.53.0-win32-x64\jre\21.0.10-win32-x86_64\bin\nio.dll
0x00007ffb1eb60000 - 0x00007ffb1eb70000 	c:\Users\Polaris_Light\.vscode\extensions\redhat.java-1.53.0-win32-x64\jre\21.0.10-win32-x86_64\bin\verify.dll
0x00007ffadb1c0000 - 0x00007ffadb205000 	C:\Users\Polaris_Light\AppData\Roaming\Code\User\globalStorage\redhat.java\1.53.0\config_win\org.eclipse.equinox.launcher\org.eclipse.equinox.launcher.win32.win32.x86_64_1.3.0.v20260203-2149\eclipse_11919.dll
0x00007ffb64010000 - 0x00007ffb641a6000 	C:\WINDOWS\System32\ole32.dll
0x00007ffb60f70000 - 0x00007ffb60f8b000 	C:\WINDOWS\SYSTEM32\CRYPTSP.dll
0x00007ffb60640000 - 0x00007ffb60679000 	C:\WINDOWS\system32\rsaenh.dll
0x00007ffb60d30000 - 0x00007ffb60d62000 	C:\WINDOWS\SYSTEM32\USERENV.dll
0x00007ffb61880000 - 0x00007ffb618aa000 	C:\WINDOWS\SYSTEM32\bcrypt.dll
0x00007ffb60f60000 - 0x00007ffb60f6c000 	C:\WINDOWS\SYSTEM32\CRYPTBASE.dll
0x00007ffb600b0000 - 0x00007ffb600e3000 	C:\WINDOWS\SYSTEM32\IPHLPAPI.DLL
0x00007ffb63310000 - 0x00007ffb6331a000 	C:\WINDOWS\System32\NSI.dll
0x00007ffab3e90000 - 0x00007ffab3ed9000 	D:\Temp\jna-1258692287\jna7104540203078851696.dll
0x00007ffb62f10000 - 0x00007ffb62f18000 	C:\WINDOWS\System32\PSAPI.DLL
0x00007ffb59f10000 - 0x00007ffb59f2d000 	C:\WINDOWS\SYSTEM32\dhcpcsvc6.DLL
0x00007ffb59b40000 - 0x00007ffb59b65000 	C:\WINDOWS\SYSTEM32\dhcpcsvc.DLL
0x00007ffb1f1a0000 - 0x00007ffb1f1a9000 	C:\Users\Polaris_Light\.vscode\extensions\redhat.java-1.53.0-win32-x64\jre\21.0.10-win32-x86_64\bin\extnet.dll
0x00007ffb1f7f0000 - 0x00007ffb1f7fe000 	C:\Users\Polaris_Light\.vscode\extensions\redhat.java-1.53.0-win32-x64\jre\21.0.10-win32-x86_64\bin\sunmscapi.dll
0x00007ffb62d10000 - 0x00007ffb62e87000 	C:\WINDOWS\System32\CRYPT32.dll
0x00007ffb61180000 - 0x00007ffb611b0000 	C:\WINDOWS\SYSTEM32\ncrypt.dll
0x00007ffb61130000 - 0x00007ffb6116f000 	C:\WINDOWS\SYSTEM32\NTASN1.dll
0x00007ffb20ec0000 - 0x00007ffb20ee7000 	D:\.gradle\native\660c5614fbf4a5f2a75b1949f50a0caf5cd603558e7d8a26e50b933a0cfb79d1\windows-amd64\native-platform.dll
0x00007ffb28b30000 - 0x00007ffb28b3a000 	C:\Users\Polaris_Light\.vscode\extensions\redhat.java-1.53.0-win32-x64\jre\21.0.10-win32-x86_64\bin\management.dll
0x00007ffb24f80000 - 0x00007ffb24f8c000 	C:\Users\Polaris_Light\.vscode\extensions\redhat.java-1.53.0-win32-x64\jre\21.0.10-win32-x86_64\bin\management_ext.dll
0x00007ffb1cf40000 - 0x00007ffb1cf48000 	C:\WINDOWS\system32\wshunix.dll
0x00007ffaf5570000 - 0x00007ffaf5597000 	D:\.gradle\native\c067742578af261105cb4f569cf0c3c89f3d7b1fecec35dd04571415982c5e48\windows-amd64\native-platform.dll

JVMTI agents:
c:\Users\Polaris_Light\.vscode\extensions\redhat.java-1.53.0-win32-x64\lombok\lombok-1.18.39-4050.jar path:c:\Users\Polaris_Light\.vscode\extensions\redhat.java-1.53.0-win32-x64\jre\21.0.10-win32-x86_64\bin\instrument.dll, loaded, initialized, instrumentlib options:none

dbghelp: loaded successfully - version: 4.0.5 - missing functions: none
symbol engine: initialized successfully - sym options: 0x614 - pdb path: .;c:\Users\Polaris_Light\.vscode\extensions\redhat.java-1.53.0-win32-x64\jre\21.0.10-win32-x86_64\bin;C:\WINDOWS\SYSTEM32;C:\WINDOWS\WinSxS\amd64_microsoft.windows.common-controls_6595b64144ccf1df_6.0.26100.7939_none_3e08fef0e333ee2f;c:\Users\Polaris_Light\.vscode\extensions\redhat.java-1.53.0-win32-x64\jre\21.0.10-win32-x86_64\bin\server;C:\Users\Polaris_Light\AppData\Roaming\Code\User\globalStorage\redhat.java\1.53.0\config_win\org.eclipse.equinox.launcher\org.eclipse.equinox.launcher.win32.win32.x86_64_1.3.0.v20260203-2149;D:\Temp\jna-1258692287;D:\.gradle\native\660c5614fbf4a5f2a75b1949f50a0caf5cd603558e7d8a26e50b933a0cfb79d1\windows-amd64;D:\.gradle\native\c067742578af261105cb4f569cf0c3c89f3d7b1fecec35dd04571415982c5e48\windows-amd64

VM Arguments:
jvm_args: -Duser.language=en --add-modules=ALL-SYSTEM --add-opens=java.base/java.util=ALL-UNNAMED --add-opens=java.base/java.lang=ALL-UNNAMED --add-opens=java.base/sun.nio.fs=ALL-UNNAMED -Declipse.application=org.eclipse.jdt.ls.core.id1 -Dosgi.bundles.defaultStartLevel=4 -Declipse.product=org.eclipse.jdt.ls.core.product -Djava.import.generatesMetadataFilesAtProjectRoot=false -DDetectVMInstallationsJob.disabled=true -Dfile.encoding=utf8 -XX:+UseParallelGC -XX:GCTimeRatio=4 -XX:AdaptiveSizePolicyWeight=90 -Dsun.zip.disableMemoryMapping=true -Xmx2G -Xms100m -Xlog:disable -javaagent:c:\Users\Polaris_Light\.vscode\extensions\redhat.java-1.53.0-win32-x64\lombok\lombok-1.18.39-4050.jar -XX:+HeapDumpOnOutOfMemoryError -XX:HeapDumpPath=c:\Users\Polaris_Light\AppData\Roaming\Code\User\workspaceStorage\28e16a57897c741ca62ce7043fb8a583\redhat.java -Daether.dependencyCollector.impl=bf 
java_command: c:\Users\Polaris_Light\.vscode\extensions\redhat.java-1.53.0-win32-x64\server\plugins\org.eclipse.equinox.launcher_1.7.100.v20251111-0406.jar -configuration c:\Users\Polaris_Light\AppData\Roaming\Code\User\globalStorage\redhat.java\1.53.0\config_win -data c:\Users\Polaris_Light\AppData\Roaming\Code\User\workspaceStorage\28e16a57897c741ca62ce7043fb8a583\redhat.java\jdt_ws --pipe=\\.\pipe\lsp-c1d269592ceee995594d4de767eb7030-sock
java_class_path (initial): c:\Users\Polaris_Light\.vscode\extensions\redhat.java-1.53.0-win32-x64\server\plugins\org.eclipse.equinox.launcher_1.7.100.v20251111-0406.jar
Launcher Type: SUN_STANDARD

[Global flags]
    uintx AdaptiveSizePolicyWeight                 = 90                                        {product} {command line}
     intx CICompilerCount                          = 4                                         {product} {ergonomic}
    uintx GCTimeRatio                              = 4                                         {product} {command line}
     bool HeapDumpOnOutOfMemoryError               = true                                   {manageable} {command line}
    ccstr HeapDumpPath                             = c:\Users\Polaris_Light\AppData\Roaming\Code\User\workspaceStorage\28e16a57897c741ca62ce7043fb8a583\redhat.java         {manageable} {command line}
   size_t InitialHeapSize                          = 104857600                                 {product} {command line}
   size_t MaxHeapSize                              = 2147483648                                {product} {command line}
   size_t MaxNewSize                               = 715653120                                 {product} {ergonomic}
   size_t MinHeapDeltaBytes                        = 524288                                    {product} {ergonomic}
   size_t MinHeapSize                              = 104857600                                 {product} {command line}
   size_t NewSize                                  = 34603008                                  {product} {ergonomic}
    uintx NonNMethodCodeHeapSize                   = 5839372                                {pd product} {ergonomic}
    uintx NonProfiledCodeHeapSize                  = 122909434                              {pd product} {ergonomic}
   size_t OldSize                                  = 70254592                                  {product} {ergonomic}
    uintx ProfiledCodeHeapSize                     = 122909434                              {pd product} {ergonomic}
    uintx ReservedCodeCacheSize                    = 251658240                              {pd product} {ergonomic}
     bool SegmentedCodeCache                       = true                                      {product} {ergonomic}
   size_t SoftMaxHeapSize                          = 2147483648                             {manageable} {ergonomic}
     bool UseCompressedOops                        = true                           {product lp64_product} {ergonomic}
     bool UseLargePagesIndividualAllocation        = false                                  {pd product} {ergonomic}
     bool UseParallelGC                            = true                                      {product} {command line}

Logging:
Log output configuration:
 #0: stdout all=off uptime,level,tags foldmultilines=false
 #1: stderr all=off uptime,level,tags foldmultilines=false

Release file:
JAVA_VERSION="21.0.10" 
MODULES="java.base java.compiler java.datatransfer java.xml java.prefs java.desktop java.instrument java.logging java.management java.security.sasl java.naming java.rmi java.management.rmi java.net.http java.scripting java.security.jgss java.transaction.xa java.sql java.sql.rowset java.xml.crypto java.se java.smartcardio jdk.accessibility jdk.internal.jvmstat jdk.attach jdk.charsets jdk.internal.opt jdk.zipfs jdk.compiler jdk.crypto.ec jdk.crypto.cryptoki jdk.crypto.mscapi jdk.dynalink jdk.internal.ed jdk.editpad jdk.hotspot.agent jdk.httpserver jdk.internal.le jdk.internal.vm.ci jdk.internal.vm.compiler jdk.internal.vm.compiler.management jdk.jartool jdk.javadoc jdk.jcmd jdk.management jdk.management.agent jdk.jconsole jdk.jdeps jdk.jdwp.agent jdk.jdi jdk.jfr jdk.jshell jdk.jsobject jdk.jstatd jdk.localedata jdk.management.jfr jdk.naming.dns jdk.naming.rmi jdk.net jdk.nio.mapmode jdk.random jdk.sctp jdk.security.auth jdk.security.jgss jdk.unsupported jdk.unsupported.desktop jdk.xml.dom" 

Environment Variables:
JAVA_HOME=C:\Program Files\Java\dragonwell-17.0.4.0.4+8-GA
JAVA_TOOL_OPTIONS=-Duser.language=en
PATH=D:\Application\Python313\Scripts\;D:\Application\Python313\;C:\Program Files\BellSoft\LibericaJDK-21-Full\bin\;C:\Program Files\Java\dragonwell-17.0.4.0.4+8-GA\bin;C:\Program Files\Java\dragonwell-11.0.18.14+9-GA\bin;C:\Program Files\Java\dragonwell-8.12.13\bin;C:\Program Files\BellSoft\LibericaJDK-25\bin\;D:\Application\Python\Scripts\;D:\Application\Python\;C:\WINDOWS\system32;C:\WINDOWS;C:\WINDOWS\System32\Wbem;C:\WINDOWS\System32\WindowsPowerShell\v1.0\;C:\WINDOWS\System32\OpenSSH\;C:\Program Files\dotnet\;D:\Application\;C:\ProgramData\chocolatey\bin;D:\Application\ffmpeg\bin;D:\Protoc\bin;C:\Program Files\nodejs\;C:\Program Files\Pandoc\;D:\Application\PHP;D:\Application\Git\cmd;C:\Program Files\Process Lasso\;D:\Application\ITK-SNAP\bin;C:\Users\Polaris_Light\AppData\Roaming\Python\Python313\Scripts;C:\Program Files\Tailscale\;C:\Users\Polaris_Light\AppData\Local\Microsoft\WindowsApps;D:\Application\Microsoft VS Code\bin;D:\Application\IntelliJ IDEA Community Edition 2023.1.2\bin;;C:\Users\Polaris_Light\.dotnet\tools;C:\Users\÷Ï“›\AppData\Roaming\npm;C:\Users\÷Ï“›\AppData\Roaming\Composer\vendor\bin;
USERNAME=Polaris_Light
OS=Windows_NT
PROCESSOR_IDENTIFIER=Intel64 Family 6 Model 140 Stepping 1, GenuineIntel
TMP=D:\Temp
TEMP=D:\Temp




Periodic native trim disabled

---------------  S Y S T E M  ---------------

OS:
 Windows 11 , 64 bit Build 26100 (10.0.26100.7939)
OS uptime: 0 days 9:19 hours
Hyper-V role detected

CPU: total 8 (initial active 8) (4 cores per cpu, 2 threads per core) family 6 model 140 stepping 1 microcode 0x8a, cx8, cmov, fxsr, ht, mmx, 3dnowpref, sse, sse2, sse3, ssse3, sse4.1, sse4.2, popcnt, lzcnt, tsc, tscinvbit, avx, avx2, aes, erms, clmul, bmi1, bmi2, adx, avx512f, avx512dq, avx512cd, avx512bw, avx512vl, sha, fma, vzeroupper, avx512_vpopcntdq, avx512_vpclmulqdq, avx512_vaes, avx512_vnni, clflush, clflushopt, clwb, avx512_vbmi2, avx512_vbmi, hv, rdtscp, rdpid, fsrm, gfni, avx512_bitalg, f16c, cet_ibt, cet_ss, avx512_ifma
Processor Information for the first 8 processors :
  Max Mhz: 2803, Current Mhz: 2803, Mhz Limit: 2803

Memory: 4k page, system-wide physical 16183M (953M free)
TotalPageFile size 36663M (AvailPageFile size 486M)
current process WorkingSet (physical memory assigned to process): 13M, peak: 1785M
current process commit charge ("private bytes"): 829M, peak: 1905M

vm_info: OpenJDK 64-Bit Server VM (21.0.10+7-LTS) for windows-amd64 JRE (21.0.10+7-LTS), built on 2026-01-20T00:00:00Z by "admin" with MS VC++ 17.12 (VS2022)

END.
